// Jest Snapshot v1, https://goo.gl/fbAQLP

exports[`Login component Should match snapshot 1`] = `
<BrowserRouter>
  <Router
    history={
      Object {
        "action": "POP",
        "block": [Function],
        "createHref": [Function],
        "go": [Function],
        "goBack": [Function],
        "goForward": [Function],
        "length": 1,
        "listen": [Function],
        "location": Object {
          "hash": "",
          "pathname": "/",
          "search": "",
          "state": undefined,
        },
        "push": [Function],
        "replace": [Function],
      }
    }
  >
    <Switch>
      <Route
        computedMatch={
          Object {
            "isExact": true,
            "params": Object {},
            "path": "/",
            "url": "/",
          }
        }
        location={
          Object {
            "hash": "",
            "pathname": "/",
            "search": "",
            "state": undefined,
          }
        }
      >
        <Navigation
          postUnauthRequest={[Function]}
        >
          <div
            className="Navigation theme-primary-2"
          >
            <Row
              prefix="zent"
            >
              <div
                className="zent-row"
              >
                <Col
                  prefix="zent"
                  span={12}
                >
                  <div
                    className="zent-col zent-col-12"
                  >
                    <Link
                      replace={false}
                      to="/"
                    >
                      <a
                        href="/"
                        onClick={[Function]}
                      >
                        <h1>
                          Simple blockchain wallet
                        </h1>
                      </a>
                    </Link>
                  </div>
                </Col>
                <Col
                  prefix="zent"
                  span={12}
                >
                  <div
                    className="zent-col zent-col-12"
                  />
                </Col>
              </div>
            </Row>
          </div>
        </Navigation>
      </Route>
    </Switch>
  </Router>
</BrowserRouter>
`;
